// Jest Snapshot v1, https://goo.gl/fbAQLP

exports[`renders correctly 1`] = `
<BVLinearGradient
  colors={
    Array [
      4292540326,
      4287353373,
    ]
  }
  endPoint={
    Object {
      "x": 0.5,
      "y": 1,
    }
  }
  locations={null}
  startPoint={
    Object {
      "x": 0.5,
      "y": 0,
    }
  }
  style={
    Object {
      "alignItems": "center",
      "backgroundColor": "#DAF7A6",
      "flex": 1,
      "justifyContent": "center",
    }
  }
/>
`;
